################################################################################
#                                                                              #
#      IAR Universal Linker V6.5.1.95                                          #
#                                                                              #
#           Link time     =  17/May/2019  09:41:20                             #
#           Target CPU    =  MSP430                                            #
#           List file     =  "C:\Users\Alexander Augusto\Documents\Projects\IA #
#                            R Embedded Workbench Project\Laboratorio\Exercici #
#                            o\Debug\List\exercicio.map"                       #
#           Output file 1 =  "C:\Users\Alexander Augusto\Documents\Projects\IA #
#                            R Embedded Workbench Project\Laboratorio\Exercici #
#                            o\Debug\Exe\exercicio.d43"                        #
#                            Format: ubrof10                                   #
#                            UBROF version 10.0.6                              #
#                            Using library modules for C-SPY (-rt)             #
#           Command line  =  -f                                                #
#                            C:\Users\ALEXAN~1\AppData\Local\Temp\EW6B26.tmp   #
#                            ("C:\Users\Alexander Augusto\Documents\Projects\I #
#                            AR Embedded Workbench Project\Laboratorio\Exercic #
#                            io\Debug\Obj\main.r43"                            #
#                            -o                                                #
#                            "C:\Users\Alexander Augusto\Documents\Projects\IA #
#                            R Embedded Workbench Project\Laboratorio\Exercici #
#                            o\Debug\Exe\exercicio.d43"                        #
#                            -l                                                #
#                            "C:\Users\Alexander Augusto\Documents\Projects\IA #
#                            R Embedded Workbench Project\Laboratorio\Exercici #
#                            o\Debug\List\exercicio.map"                       #
#                            -xms                                              #
#                            "-IC:\Program Files (x86)\IAR Systems\Embedded Wo #
#                            rkbench 8.0\430\LIB\"                             #
#                            -f                                                #
#                            "C:\Program Files (x86)\IAR Systems\Embedded Work #
#                            bench 8.0\430\config\linker\lnk430g2553.xcl"      #
#                            (-cmsp430 -QCODE_I=CODE_ID -QTLS16_I=TLS16_ID     #
#                            -Z(CONST)INFO=1000-10FF                           #
#                            -Z(CONST)INFOA=10C0-10FF                          #
#                            -Z(CONST)INFOB=1080-10BF                          #
#                            -Z(CONST)INFOC=1040-107F                          #
#                            -Z(CONST)INFOD=1000-103F                          #
#                            -Z(DATA)DATA16_I,DATA16_Z,DATA16_N,TLS16_I=0200-0 #
#                            3FF                                               #
#                            -Z(DATA)DATA16_HEAP+_DATA16_HEAP_SIZE             #
#                            -Z(DATA)CODE_I -Z(DATA)CSTACK+_STACK_SIZE#        #
#                            -Z(CONST)DATA16_C,DATA16_ID,TLS16_ID,DIFUNCT,CHEC #
#                            KSUM=C000-FFDD                                    #
#                            -Z(CODE)CSTART,ISR_CODE,CODE_ID=C000-FFDD         #
#                            -P(CODE)CODE=C000-FFDD                            #
#                            -Z(CONST)SIGNATURE=FFDE-FFDF                      #
#                            -Z(CODE)INTVEC=FFE0-FFFF                          #
#                            -Z(CODE)RESET=FFFE-FFFF) -D_STACK_SIZE=50 -rt     #
#                            "C:\Program Files (x86)\IAR Systems\Embedded Work #
#                            bench 8.0\430\lib\dlib\dl430fn.r43"               #
#                            -e_PrintfLarge=_Printf -e_ScanfLarge=_Scanf       #
#                            -D_DATA16_HEAP_SIZE=50 -s __program_start         #
#                            -D_DATA20_HEAP_SIZE=50)                           #
#                                                                              #
#                           Copyright (C) 1987-2016 IAR Systems AB.            #
################################################################################





                ****************************************
                *                                      *
                *           CROSS REFERENCE            *
                *                                      *
                ****************************************

       Program entry at :           C02C  Relocatable, from module : ?cstart




                ****************************************
                *                                      *
                *            RUNTIME MODEL             *
                *                                      *
                ****************************************

  __Heap_Handler             = Basic
  __SystemLibrary            = DLib
  __core                     = 430
  __dlib_file_descriptor     = 0
  __dlib_full_locale_support = 0
  __double_size              = 32
  __pic                      = no
  __reg_r4                   = free
  __reg_r5                   = free
  __rt_version               = 3

                ****************************************
                *                                      *
                *    AUTOMATIC SYMBOL REDIRECTIONS     *
                *                                      *
                ****************************************

                  There are no automatic symbol redirections.



                ****************************************
                *                                      *
                *              MODULE MAP              *
                *                                      *
                ****************************************


  DEFINED ABSOLUTE ENTRIES
    *************************************************************************

  DEFINED ABSOLUTE ENTRIES
  PROGRAM MODULE, NAME : ?ABS_ENTRY_MOD

Absolute parts
           ENTRY                   ADDRESS         REF BY
           =====                   =======         ======
           _DATA20_HEAP_SIZE       0050 
           _DATA16_HEAP_SIZE       0050 
           _STACK_SIZE             0050 
    *************************************************************************

  FILE NAME : C:\Users\Alexander Augusto\Documents\Projects\IAR Embedded Workbench Project\Laboratorio\Exercicio\Debug\Obj\main.r43
  PROGRAM MODULE, NAME : main

  SEGMENTS IN THE MODULE
  ======================
DATA16_AN
  Relative segment, address: 0001 - 0001 (0x1 bytes), align: 0
  Segment part 1. ROOT        Intra module refs:   configUART
           ENTRY                   ADDRESS         REF BY
           =====                   =======         ======
           IE2                     0001 
    -------------------------------------------------------------------------
DATA16_AN
  Relative segment, address: 0003 - 0003 (0x1 bytes), align: 0
  Segment part 2. ROOT        Intra module refs:   USCI0RX_ISR
           ENTRY                   ADDRESS         REF BY
           =====                   =======         ======
           IFG2                    0003 
    -------------------------------------------------------------------------
DATA16_AN
  Relative segment, address: 004A - 004A (0x1 bytes), align: 0
  Segment part 3. ROOT        Intra module refs:   leADC
           ENTRY                   ADDRESS         REF BY
           =====                   =======         ======
           ADC10AE0                004A 
    -------------------------------------------------------------------------
DATA16_AN
  Relative segment, address: 01B0 - 01B1 (0x2 bytes), align: 0
  Segment part 4. ROOT        Intra module refs:   configADC
                                                   leADC
           ENTRY                   ADDRESS         REF BY
           =====                   =======         ======
           ADC10CTL0               01B0 
    -------------------------------------------------------------------------
DATA16_AN
  Relative segment, address: 01B2 - 01B3 (0x2 bytes), align: 0
  Segment part 5. ROOT        Intra module refs:   configADC
                                                   leADC
           ENTRY                   ADDRESS         REF BY
           =====                   =======         ======
           ADC10CTL1               01B2 
    -------------------------------------------------------------------------
DATA16_AN
  Relative segment, address: 01B4 - 01B5 (0x2 bytes), align: 0
  Segment part 6. ROOT        Intra module refs:   leADC
           ENTRY                   ADDRESS         REF BY
           =====                   =======         ======
           ADC10MEM                01B4 
    -------------------------------------------------------------------------
DATA16_AN
  Relative segment, address: 0056 - 0056 (0x1 bytes), align: 0
  Segment part 7. ROOT        Intra module refs:   main
           ENTRY                   ADDRESS         REF BY
           =====                   =======         ======
           DCOCTL                  0056 
    -------------------------------------------------------------------------
DATA16_AN
  Relative segment, address: 0057 - 0057 (0x1 bytes), align: 0
  Segment part 8. ROOT        Intra module refs:   main
           ENTRY                   ADDRESS         REF BY
           =====                   =======         ======
           BCSCTL1                 0057 
    -------------------------------------------------------------------------
DATA16_AN
  Relative segment, address: 0020 - 0020 (0x1 bytes), align: 0
  Segment part 9. ROOT        Intra module refs:   main
           ENTRY                   ADDRESS         REF BY
           =====                   =======         ======
           P1IN                    0020 
    -------------------------------------------------------------------------
DATA16_AN
  Relative segment, address: 0021 - 0021 (0x1 bytes), align: 0
  Segment part 10. ROOT       Intra module refs:   Timer0_A0_ISR
                                                   main
           ENTRY                   ADDRESS         REF BY
           =====                   =======         ======
           P1OUT                   0021 
    -------------------------------------------------------------------------
DATA16_AN
  Relative segment, address: 0022 - 0022 (0x1 bytes), align: 0
  Segment part 11. ROOT       Intra module refs:   main
           ENTRY                   ADDRESS         REF BY
           =====                   =======         ======
           P1DIR                   0022 
    -------------------------------------------------------------------------
DATA16_AN
  Relative segment, address: 0026 - 0026 (0x1 bytes), align: 0
  Segment part 12. ROOT       Intra module refs:   configUART
                                                   main
           ENTRY                   ADDRESS         REF BY
           =====                   =======         ======
           P1SEL                   0026 
    -------------------------------------------------------------------------
DATA16_AN
  Relative segment, address: 0041 - 0041 (0x1 bytes), align: 0
  Segment part 13. ROOT       Intra module refs:   configUART
           ENTRY                   ADDRESS         REF BY
           =====                   =======         ======
           P1SEL2                  0041 
    -------------------------------------------------------------------------
DATA16_AN
  Relative segment, address: 0027 - 0027 (0x1 bytes), align: 0
  Segment part 14. ROOT       Intra module refs:   main
           ENTRY                   ADDRESS         REF BY
           =====                   =======         ======
           P1REN                   0027 
    -------------------------------------------------------------------------
DATA16_AN
  Relative segment, address: 0160 - 0161 (0x2 bytes), align: 0
  Segment part 15. ROOT       Intra module refs:   configTimer0
           ENTRY                   ADDRESS         REF BY
           =====                   =======         ======
           TA0CTL                  0160 
    -------------------------------------------------------------------------
DATA16_AN
  Relative segment, address: 0162 - 0163 (0x2 bytes), align: 0
  Segment part 16. ROOT       Intra module refs:   Timer0_A0_ISR
                                                   configTimer0
           ENTRY                   ADDRESS         REF BY
           =====                   =======         ======
           TA0CCTL0                0162 
    -------------------------------------------------------------------------
DATA16_AN
  Relative segment, address: 0172 - 0173 (0x2 bytes), align: 0
  Segment part 17. ROOT       Intra module refs:   configTimer0
           ENTRY                   ADDRESS         REF BY
           =====                   =======         ======
           TA0CCR0                 0172 
    -------------------------------------------------------------------------
DATA16_AN
  Relative segment, address: 0180 - 0181 (0x2 bytes), align: 0
  Segment part 18. ROOT       Intra module refs:   configTimer1
           ENTRY                   ADDRESS         REF BY
           =====                   =======         ======
           TA1CTL                  0180 
    -------------------------------------------------------------------------
DATA16_AN
  Relative segment, address: 0182 - 0183 (0x2 bytes), align: 0
  Segment part 19. ROOT       Intra module refs:   configTimer1
           ENTRY                   ADDRESS         REF BY
           =====                   =======         ======
           TA1CCTL0                0182 
    -------------------------------------------------------------------------
DATA16_AN
  Relative segment, address: 0184 - 0185 (0x2 bytes), align: 0
  Segment part 20. ROOT       Intra module refs:   configTimer1
           ENTRY                   ADDRESS         REF BY
           =====                   =======         ======
           TA1CCTL1                0184 
    -------------------------------------------------------------------------
DATA16_AN
  Relative segment, address: 0192 - 0193 (0x2 bytes), align: 0
  Segment part 21. ROOT       Intra module refs:   configTimer1
           ENTRY                   ADDRESS         REF BY
           =====                   =======         ======
           TA1CCR0                 0192 
    -------------------------------------------------------------------------
DATA16_AN
  Relative segment, address: 0194 - 0195 (0x2 bytes), align: 0
  Segment part 22. ROOT       Intra module refs:   configTimer1
           ENTRY                   ADDRESS         REF BY
           =====                   =======         ======
           TA1CCR1                 0194 
    -------------------------------------------------------------------------
DATA16_AN
  Relative segment, address: 0061 - 0061 (0x1 bytes), align: 0
  Segment part 23. ROOT       Intra module refs:   configUART
           ENTRY                   ADDRESS         REF BY
           =====                   =======         ======
           UCA0CTL1                0061 
    -------------------------------------------------------------------------
DATA16_AN
  Relative segment, address: 0062 - 0062 (0x1 bytes), align: 0
  Segment part 24. ROOT       Intra module refs:   configUART
           ENTRY                   ADDRESS         REF BY
           =====                   =======         ======
           UCA0BR0                 0062 
    -------------------------------------------------------------------------
DATA16_AN
  Relative segment, address: 0063 - 0063 (0x1 bytes), align: 0
  Segment part 25. ROOT       Intra module refs:   configUART
           ENTRY                   ADDRESS         REF BY
           =====                   =======         ======
           UCA0BR1                 0063 
    -------------------------------------------------------------------------
DATA16_AN
  Relative segment, address: 0064 - 0064 (0x1 bytes), align: 0
  Segment part 26. ROOT       Intra module refs:   configUART
           ENTRY                   ADDRESS         REF BY
           =====                   =======         ======
           UCA0MCTL                0064 
    -------------------------------------------------------------------------
DATA16_AN
  Relative segment, address: 0065 - 0065 (0x1 bytes), align: 0
  Segment part 27. ROOT       Intra module refs:   UART_TX
           ENTRY                   ADDRESS         REF BY
           =====                   =======         ======
           UCA0STAT                0065 
    -------------------------------------------------------------------------
DATA16_AN
  Relative segment, address: 0066 - 0066 (0x1 bytes), align: 0
  Segment part 28. ROOT       Intra module refs:   USCI0RX_ISR
           ENTRY                   ADDRESS         REF BY
           =====                   =======         ======
           UCA0RXBUF               0066 
    -------------------------------------------------------------------------
DATA16_AN
  Relative segment, address: 0067 - 0067 (0x1 bytes), align: 0
  Segment part 29. ROOT       Intra module refs:   UART_TX
           ENTRY                   ADDRESS         REF BY
           =====                   =======         ======
           UCA0TXBUF               0067 
    -------------------------------------------------------------------------
DATA16_AN
  Relative segment, address: 0120 - 0121 (0x2 bytes), align: 0
  Segment part 30. ROOT       Intra module refs:   main
           ENTRY                   ADDRESS         REF BY
           =====                   =======         ======
           WDTCTL                  0120 
    -------------------------------------------------------------------------
DATA16_AN
  Relative segment, address: 10FE - 10FE (0x1 bytes), align: 0
  Segment part 31. ROOT       Intra module refs:   main
           ENTRY                   ADDRESS         REF BY
           =====                   =======         ======
           CALDCO_1MHZ             10FE 
    -------------------------------------------------------------------------
DATA16_AN
  Relative segment, address: 10FF - 10FF (0x1 bytes), align: 0
  Segment part 32. ROOT       Intra module refs:   main
           ENTRY                   ADDRESS         REF BY
           =====                   =======         ======
           CALBC1_1MHZ             10FF 
    -------------------------------------------------------------------------
DATA16_Z
  Relative segment, address: 0208 - 021B (0x14 bytes), align: 0
  Segment part 38.            Intra module refs:   main
           ENTRY                   ADDRESS         REF BY
           =====                   =======         ======
           mensagem_tx             0208 
    -------------------------------------------------------------------------
DATA16_Z
  Relative segment, address: 021C - 023B (0x20 bytes), align: 0
  Segment part 39.            Intra module refs:   USCI0RX_ISR
                                                   main
           ENTRY                   ADDRESS         REF BY
           =====                   =======         ======
           mensagem_rx             021C 
    -------------------------------------------------------------------------
DATA16_Z
  Relative segment, address: 0202 - 0203 (0x2 bytes), align: 1
  Segment part 40.            Intra module refs:   USCI0RX_ISR
           ENTRY                   ADDRESS         REF BY
           =====                   =======         ======
           tam                     0202 
    -------------------------------------------------------------------------
DATA16_I
  Relative segment, address: 0200 - 0201 (0x2 bytes), align: 1
  Segment part 41.            Intra module refs:   USCI0RX_ISR
           ENTRY                   ADDRESS         REF BY
           =====                   =======         ======
           TAMANHO                 0200 
    -------------------------------------------------------------------------
DATA16_Z
  Relative segment, address: 0204 - 0205 (0x2 bytes), align: 1
  Segment part 43.            Intra module refs:   Timer0_A0_ISR
           ENTRY                   ADDRESS         REF BY
           =====                   =======         ======
           cont                    0204 
    -------------------------------------------------------------------------
DATA16_Z
  Relative segment, address: 0206 - 0207 (0x2 bytes), align: 1
  Segment part 44.            Intra module refs:   Timer0_A0_ISR
           ENTRY                   ADDRESS         REF BY
           =====                   =======         ======
           valorAD                 0206 
    -------------------------------------------------------------------------
<CODE> 1 (was CODE)
  Relative segment, address: D0C4 - D14D (0x8a bytes), align: 1
  Segment part 50.
           ENTRY                   ADDRESS         REF BY
           =====                   =======         ======
           main                    D0C4            Segment part 19 (?cstart)
               calls direct
    -------------------------------------------------------------------------
<CODE> 1 (was CODE)
  Relative segment, address: D51A - D543 (0x2a bytes), align: 1
  Segment part 49.            Intra module refs:   main
           ENTRY                   ADDRESS         REF BY
           =====                   =======         ======
           configUART              D51A 
    -------------------------------------------------------------------------
<CODE> 1 (was CODE)
  Relative segment, address: D5AC - D5CB (0x20 bytes), align: 1
  Segment part 45.            Intra module refs:   main
           ENTRY                   ADDRESS         REF BY
           =====                   =======         ======
           UART_TX                 D5AC 
    -------------------------------------------------------------------------
<CODE> 1 (was CODE)
  Relative segment, address: D702 - D70F (0xe bytes), align: 1
  Segment part 48.            Intra module refs:   main
           ENTRY                   ADDRESS         REF BY
           =====                   =======         ======
           configADC               D702 
    -------------------------------------------------------------------------
<CODE> 1 (was CODE)
  Relative segment, address: D22C - D283 (0x58 bytes), align: 1
  Segment part 51.            Intra module refs:   Timer0_A0_ISR
           ENTRY                   ADDRESS         REF BY
           =====                   =======         ======
           leADC                   D22C 
               calls direct
    -------------------------------------------------------------------------
<CODE> 1 (was CODE)
  Relative segment, address: D58C - D5AB (0x20 bytes), align: 1
  Segment part 46.            Intra module refs:   main
           ENTRY                   ADDRESS         REF BY
           =====                   =======         ======
           configTimer0            D58C 
    -------------------------------------------------------------------------
<CODE> 1 (was CODE)
  Relative segment, address: D5CC - D5E9 (0x1e bytes), align: 1
  Segment part 47.            Intra module refs:   main
           ENTRY                   ADDRESS         REF BY
           =====                   =======         ======
           configTimer1            D5CC 
    -------------------------------------------------------------------------
<CODE> 1 (was CODE)
  Relative segment, address: D1CC - D22B (0x60 bytes), align: 1
  Segment part 52.            Intra module refs:   Timer0_A0_ISR::??INTVEC 18
           ENTRY                   ADDRESS         REF BY
           =====                   =======         ======
           Timer0_A0_ISR           D1CC 
               interrupt function
               calls direct
    -------------------------------------------------------------------------
<CODE> 1 (was CODE)
  Relative segment, address: D568 - D58B (0x24 bytes), align: 1
  Segment part 53.            Intra module refs:   USCI0RX_ISR::??INTVEC 14
           ENTRY                   ADDRESS         REF BY
           =====                   =======         ======
           USCI0RX_ISR             D568 
               interrupt function
    -------------------------------------------------------------------------
INTVEC
  Common segment, address: FFE0 - FFEF (0x10 bytes), align: 1
  Segment part 33. ROOT 
           ENTRY                   ADDRESS         REF BY
           =====                   =======         ======
           USCI0RX_ISR::??INTVEC 14
                                   FFEE 
    -------------------------------------------------------------------------
INTVEC
  Common segment, address: FFE0 - FFF3 (0x14 bytes), align: 1
  Segment part 34. ROOT 
           ENTRY                   ADDRESS         REF BY
           =====                   =======         ======
           Timer0_A0_ISR::??INTVEC 18
                                   FFF2 
    -------------------------------------------------------------------------
DATA16_ID
  Relative segment, address: C02A - C02B (0x2 bytes), align: 1
  Segment part 42.            Intra module refs:   TAMANHO
    -------------------------------------------------------------------------
DATA16_C
  Relative segment, address: C000 - C007 (0x8 bytes), align: 0
  Segment part 36.            Intra module refs:   main
    -------------------------------------------------------------------------
DATA16_C
  Relative segment, address: C008 - C010 (0x9 bytes), align: 0
  Segment part 37.            Intra module refs:   main

    *************************************************************************

  FILE NAME : C:\Program Files (x86)\IAR Systems\Embedded Workbench 8.0\430\lib\dlib\dl430fn.r43
  LIBRARY MODULE, NAME : ?__dbg_break

  SEGMENTS IN THE MODULE
  ======================
<CODE> 1 (was CODE)
  Relative segment, address: D768 - D769 (0x2 bytes), align: 1
  Segment part 2.
           ENTRY                   ADDRESS         REF BY
           =====                   =======         ======
           __DebugBreak            D768            __exit (?__exit)

    -------------------------------------------------------------------------
  LIBRARY MODULE, NAME : ?__exit

  SEGMENTS IN THE MODULE
  ======================
<CODE> 1 (was CODE)
  Relative segment, address: D6A0 - D6B1 (0x12 bytes), align: 1
  Segment part 2.
           ENTRY                   ADDRESS         REF BY
           =====                   =======         ======
           __exit                  D6A0            Segment part 6 (?_exit)
                                                   _exit (?_exit)
               calls direct

    -------------------------------------------------------------------------
  LIBRARY MODULE, NAME : ?_exit

  SEGMENTS IN THE MODULE
  ======================
<CODE> 1 (was CODE)
  Relative segment, address: D764, align: 1
  Segment part 0.
           ENTRY                   ADDRESS         REF BY
           =====                   =======         ======
           _exit                   D764            exit (?exit)
    -------------------------------------------------------------------------
<CODE> 1 (was CODE)
  Relative segment, address: D764 - D767 (0x4 bytes), align: 1
  Segment part 6.             Intra module refs:   _exit

    -------------------------------------------------------------------------
  LIBRARY MODULE, NAME : ?cstart

  SEGMENTS IN THE MODULE
  ======================
CSTACK
  Relative segment, address: 03B0, align: 1
  Segment part 1.
    -------------------------------------------------------------------------
DATA16_Z
  Relative segment, address: 0208, align: 1
  Segment part 2.
    -------------------------------------------------------------------------
DATA16_I
  Relative segment, address: 0202, align: 1
  Segment part 3.
    -------------------------------------------------------------------------
DATA16_ID
  Relative segment, address: C02C, align: 1
  Segment part 4.
    -------------------------------------------------------------------------
CSTART
  Relative segment, address: C02C - C02F (0x4 bytes), align: 1
  Segment part 9.
           ENTRY                   ADDRESS         REF BY
           =====                   =======         ======
           __program_start         C02C            ?reset_vector (?reset_vector)
                                                   Absolute parts (?ABS_ENTRY_MOD)
           ?cstart_begin           C02C 
    -------------------------------------------------------------------------
CSTART
  Relative segment, address: C030 - C03B (0xc bytes), align: 1
  Segment part 14.
           ENTRY                   ADDRESS         REF BY
           =====                   =======         ======
           ?cstart_init_zero       C030            cont (main)
                                                   mensagem_rx (main)
                                                   mensagem_tx (main)
                                                   tam (main)
                                                   valorAD (main)
    -------------------------------------------------------------------------
CSTART
  Relative segment, address: C03C - C04B (0x10 bytes), align: 1
  Segment part 15.
           ENTRY                   ADDRESS         REF BY
           =====                   =======         ======
           ?cstart_init_copy       C03C            TAMANHO (main)
    -------------------------------------------------------------------------
CSTART
  Relative segment, address: C04C - C053 (0x8 bytes), align: 1
  Segment part 19.            Intra module refs:   Segment part 9
           ENTRY                   ADDRESS         REF BY
           =====                   =======         ======
           ?cstart_call_main       C04C 
           ?cstart_end             C054 

    -------------------------------------------------------------------------
  LIBRARY MODULE, NAME : ?reset_vector

  SEGMENTS IN THE MODULE
  ======================
RESET
  Relative segment, address: FFFE - FFFF (0x2 bytes), align: 1
  Segment part 0.
           ENTRY                   ADDRESS         REF BY
           =====                   =======         ======
           ?reset_vector           FFFE            Segment part 9 (?cstart)

    -------------------------------------------------------------------------
  LIBRARY MODULE, NAME : ?div64i

  SEGMENTS IN THE MODULE
  ======================
<CODE> 1 (was CODE)
  Relative segment, address: D014 - D0C3 (0xb0 bytes), align: 1
  Segment part 2.
           ENTRY                   ADDRESS         REF BY
           =====                   =======         ======
           _Div64u                 D014            _LitobLarge (?xprintflarge)
    -------------------------------------------------------------------------
<CODE> 1 (was CODE)
  Relative segment, address: D604 - D61D (0x1a bytes), align: 1
  Segment part 4.             Intra module refs:   _Div64u

    -------------------------------------------------------------------------
  LIBRARY MODULE, NAME : ?div

  SEGMENTS IN THE MODULE
  ======================
<CODE> 1 (was CODE)
  Relative segment, address: D650 - D665 (0x16 bytes), align: 1
  Segment part 0.
           ENTRY                   ADDRESS         REF BY
           =====                   =======         ======
           div                     D650            _GenldLarge (?xprintflarge)

    -------------------------------------------------------------------------
  LIBRARY MODULE, NAME : ?Epilogue

  SEGMENTS IN THE MODULE
  ======================
<CODE> 1 (was CODE)
  Relative segment, address: D710 - D711 (0x2 bytes), align: 1
  Segment part 2.
           ENTRY                   ADDRESS         REF BY
           =====                   =======         ======
           ?Epilogue6              D710            _GenldLarge (?xprintflarge)
                                                   _LdtobLarge (?xprintflarge)
                                                   _LitobLarge (?xprintflarge)
                                                   _PrintfLarge (?xprintflarge)
    -------------------------------------------------------------------------
<CODE> 1 (was CODE)
  Relative segment, address: D712 - D713 (0x2 bytes), align: 1
  Segment part 3.             Intra module refs:   ?Epilogue6
           ENTRY                   ADDRESS         REF BY
           =====                   =======         ======
           ?Epilogue5              D712 
    -------------------------------------------------------------------------
<CODE> 1 (was CODE)
  Relative segment, address: D714 - D715 (0x2 bytes), align: 1
  Segment part 4.             Intra module refs:   ?Epilogue5
           ENTRY                   ADDRESS         REF BY
           =====                   =======         ======
           ?Epilogue4              D714            _PutcharsLarge (?xprintflarge)
                                                   pad (?xprintflarge)
    -------------------------------------------------------------------------
<CODE> 1 (was CODE)
  Relative segment, address: D716 - D71D (0x8 bytes), align: 1
  Segment part 5.             Intra module refs:   ?Epilogue4
           ENTRY                   ADDRESS         REF BY
           =====                   =======         ======
           ?Epilogue3              D716 

    -------------------------------------------------------------------------
  LIBRARY MODULE, NAME : ?exit

  SEGMENTS IN THE MODULE
  ======================
<CODE> 1 (was CODE)
  Relative segment, address: D75C - D75F (0x4 bytes), align: 1
  Segment part 2.
           ENTRY                   ADDRESS         REF BY
           =====                   =======         ======
           exit                    D75C            Segment part 19 (?cstart)
               calls direct

    -------------------------------------------------------------------------
  LIBRARY MODULE, NAME : ?Cast32f32i

  SEGMENTS IN THE MODULE
  ======================
<CODE> 1 (was CODE)
  Relative segment, address: D14E - D1CB (0x7e bytes), align: 1
  Segment part 1.
           ENTRY                   ADDRESS         REF BY
           =====                   =======         ======
           _Cast32uto32f           D14E            _LdtobLarge (?xprintflarge)

    -------------------------------------------------------------------------
  LIBRARY MODULE, NAME : _Cast32fto32u

  SEGMENTS IN THE MODULE
  ======================
<CODE> 1 (was CODE)
  Relative segment, address: D72C - D737 (0xc bytes), align: 1
  Segment part 0.
           ENTRY                   ADDRESS         REF BY
           =====                   =======         ======
           _Cast32fto32u           D72C            _LdtobLarge (?xprintflarge)

    -------------------------------------------------------------------------
  LIBRARY MODULE, NAME : ?FLT_Extract

  SEGMENTS IN THE MODULE
  ======================
<CODE> 1 (was CODE)
  Relative segment, address: D2D6 - D321 (0x4c bytes), align: 1
  Segment part 0.
           ENTRY                   ADDRESS         REF BY
           =====                   =======         ======
           ?FLT_Extract            D2D6            _Cast32fto32u (_Cast32fto32u)

    -------------------------------------------------------------------------
  LIBRARY MODULE, NAME : ?FLT_LT

  SEGMENTS IN THE MODULE
  ======================
<CODE> 1 (was CODE)
  Relative segment, address: D284 - D2D5 (0x52 bytes), align: 1
  Segment part 0.
           ENTRY                   ADDRESS         REF BY
           =====                   =======         ======
           ?FLT_LT                 D284            _LdtobLarge (?xprintflarge)

    -------------------------------------------------------------------------
  LIBRARY MODULE, NAME : _Mul32f

  SEGMENTS IN THE MODULE
  ======================
<CODE> 1 (was CODE)
  Relative segment, address: CF04 - D013 (0x110 bytes), align: 1
  Segment part 0.
           ENTRY                   ADDRESS         REF BY
           =====                   =======         ======
           _Mul32f                 CF04            _LdtobLarge (?xprintflarge)
                                                   scale (?xprintflarge)

    -------------------------------------------------------------------------
  LIBRARY MODULE, NAME : _Div32f

  SEGMENTS IN THE MODULE
  ======================
<CODE> 1 (was CODE)
  Relative segment, address: CDD4 - CF03 (0x130 bytes), align: 1
  Segment part 0.
           ENTRY                   ADDRESS         REF BY
           =====                   =======         ======
           _Div32f                 CDD4            _LdtobLarge (?xprintflarge)

    -------------------------------------------------------------------------
  LIBRARY MODULE, NAME : _Add32f

  SEGMENTS IN THE MODULE
  ======================
<CODE> 1 (was CODE)
  Relative segment, address: CC70 - CC73 (0x4 bytes), align: 1
  Segment part 0.
           ENTRY                   ADDRESS         REF BY
           =====                   =======         ======
           _Sub32f                 CC70            _LdtobLarge (?xprintflarge)
    -------------------------------------------------------------------------
<CODE> 1 (was CODE)
  Relative segment, address: CC74 - CDD3 (0x160 bytes), align: 1
  Segment part 1.             Intra module refs:   _Sub32f
           ENTRY                   ADDRESS         REF BY
           =====                   =======         ======
           _Add32f                 CC74 

    -------------------------------------------------------------------------
  LIBRARY MODULE, NAME : ?Mul816

  SEGMENTS IN THE MODULE
  ======================
<CODE> 1 (was CODE)
  Relative segment, address: D48C - D48F (0x4 bytes), align: 1
  Segment part 0.
           ENTRY                   ADDRESS         REF BY
           =====                   =======         ======
           ?Mul8                   D48C            _LitobLarge (?xprintflarge)
    -------------------------------------------------------------------------
<CODE> 1 (was CODE)
  Relative segment, address: D490 - D4BD (0x2e bytes), align: 1
  Segment part 1.             Intra module refs:   ?Mul8
           ENTRY                   ADDRESS         REF BY
           =====                   =======         ======
           ?Mul16                  D490 
           ?Mul16to32u             D490            ?Mul16to32s (?Mul16to32s)

    -------------------------------------------------------------------------
  LIBRARY MODULE, NAME : ?Mul16to32s

  SEGMENTS IN THE MODULE
  ======================
<CODE> 1 (was CODE)
  Relative segment, address: D5EA - D603 (0x1a bytes), align: 1
  Segment part 0.
           ENTRY                   ADDRESS         REF BY
           =====                   =======         ======
           ?Mul16to32s             D5EA            _LdtobLarge (?xprintflarge)

    -------------------------------------------------------------------------
  LIBRARY MODULE, NAME : ?DivMod816u

  SEGMENTS IN THE MODULE
  ======================
<CODE> 1 (was CODE)
  Relative segment, address: D638 - D64F (0x18 bytes), align: 1
  Segment part 1.
           ENTRY                   ADDRESS         REF BY
           =====                   =======         ======
           ?DivMod16u              D638            ?DivMod16s (?DivMod816s)

    -------------------------------------------------------------------------
  LIBRARY MODULE, NAME : ?DivMod816s

  SEGMENTS IN THE MODULE
  ======================
<CODE> 1 (was CODE)
  Relative segment, address: D4BE - D4ED (0x30 bytes), align: 1
  Segment part 1.
           ENTRY                   ADDRESS         REF BY
           =====                   =======         ======
           ?DivMod16s              D4BE            div (?div)

    -------------------------------------------------------------------------
  LIBRARY MODULE, NAME : ?DivMod32u

  SEGMENTS IN THE MODULE
  ======================
<CODE> 1 (was CODE)
  Relative segment, address: D3E8 - D41F (0x38 bytes), align: 1
  Segment part 0.
           ENTRY                   ADDRESS         REF BY
           =====                   =======         ======
           ?DivMod32u              D3E8            ?DivMod32s (?DivMod32s)
                                                   _LdtobLarge (?xprintflarge)
                                                   leADC (main)

    -------------------------------------------------------------------------
  LIBRARY MODULE, NAME : ?DivMod32s

  SEGMENTS IN THE MODULE
  ======================
<CODE> 1 (was CODE)
  Relative segment, address: D36A - D3A9 (0x40 bytes), align: 1
  Segment part 0.
           ENTRY                   ADDRESS         REF BY
           =====                   =======         ======
           ?DivMod32s              D36A            _LdtobLarge (?xprintflarge)

    -------------------------------------------------------------------------
  LIBRARY MODULE, NAME : ?ShiftRight16u_n

  SEGMENTS IN THE MODULE
  ======================
<CODE> 1 (was CODE)
  Relative segment, address: D61E - D621 (0x4 bytes), align: 1
  Segment part 0.
           ENTRY                   ADDRESS         REF BY
           =====                   =======         ======
           ?ShiftRight16u_7        D61E            __iar_Dunscale (?xdunscal)
    -------------------------------------------------------------------------
<CODE> 1 (was CODE)
  Relative segment, address: D622 - D625 (0x4 bytes), align: 1
  Segment part 1.             Intra module refs:   ?ShiftRight16u_7
           ENTRY                   ADDRESS         REF BY
           =====                   =======         ======
           ?ShiftRight16u_6        D622 
    -------------------------------------------------------------------------
<CODE> 1 (was CODE)
  Relative segment, address: D626 - D629 (0x4 bytes), align: 1
  Segment part 2.             Intra module refs:   ?ShiftRight16u_6
           ENTRY                   ADDRESS         REF BY
           =====                   =======         ======
           ?ShiftRight16u_5        D626 
    -------------------------------------------------------------------------
<CODE> 1 (was CODE)
  Relative segment, address: D62A - D62D (0x4 bytes), align: 1
  Segment part 3.             Intra module refs:   ?ShiftRight16u_5
           ENTRY                   ADDRESS         REF BY
           =====                   =======         ======
           ?ShiftRight16u_4        D62A 
    -------------------------------------------------------------------------
<CODE> 1 (was CODE)
  Relative segment, address: D62E - D637 (0xa bytes), align: 1
  Segment part 4.             Intra module refs:   ?ShiftRight16u_4
           ENTRY                   ADDRESS         REF BY
           =====                   =======         ======
           ?ShiftRight16u_3        D62E 

    -------------------------------------------------------------------------
  LIBRARY MODULE, NAME : ?memchr

  SEGMENTS IN THE MODULE
  ======================
<CODE> 1 (was CODE)
  Relative segment, address: D666 - D679 (0x14 bytes), align: 1
  Segment part 2.
           ENTRY                   ADDRESS         REF BY
           =====                   =======         ======
           __iar_Memchr            D666            _PrintfLarge (?xprintflarge)

    -------------------------------------------------------------------------
  LIBRARY MODULE, NAME : ?memcpy

  SEGMENTS IN THE MODULE
  ======================
<CODE> 1 (was CODE)
  Relative segment, address: D6B2 - D6C3 (0x12 bytes), align: 1
  Segment part 2.
           ENTRY                   ADDRESS         REF BY
           =====                   =======         ======
           memcpy                  D6B2            Segment part 11 (?xprintflarge)
                                                   _GenldLarge (?xprintflarge)
                                                   _LdtobLarge (?xprintflarge)
                                                   __data16_memcpy (?memzero)

    -------------------------------------------------------------------------
  LIBRARY MODULE, NAME : ?memzero

  SEGMENTS IN THE MODULE
  ======================
<CODE> 1 (was CODE)
  Relative segment, address: D6D6 - D6E5 (0x10 bytes), align: 1
  Segment part 2.
           ENTRY                   ADDRESS         REF BY
           =====                   =======         ======
           __data16_memzero        D6D6            ?cstart_init_zero (?cstart)
    -------------------------------------------------------------------------
<CODE> 1 (was CODE)
  Relative segment, address: D760 - D763 (0x4 bytes), align: 1
  Segment part 3.
           ENTRY                   ADDRESS         REF BY
           =====                   =======         ======
           __data16_memcpy         D760            ?cstart_init_copy (?cstart)
               calls direct

    -------------------------------------------------------------------------
  LIBRARY MODULE, NAME : ?sprintf

  SEGMENTS IN THE MODULE
  ======================
<CODE> 1 (was CODE)
  Relative segment, address: D420 - D455 (0x36 bytes), align: 1
  Segment part 2.
           ENTRY                   ADDRESS         REF BY
           =====                   =======         ======
           sprintf                 D420            main (main)
               calls direct

    -------------------------------------------------------------------------
  LIBRARY MODULE, NAME : ?strchr

  SEGMENTS IN THE MODULE
  ======================
<CODE> 1 (was CODE)
  Relative segment, address: D6F4 - D701 (0xe bytes), align: 1
  Segment part 2.
           ENTRY                   ADDRESS         REF BY
           =====                   =======         ======
           __iar_Strchr            D6F4            _PrintfLarge (?xprintflarge)

    -------------------------------------------------------------------------
  LIBRARY MODULE, NAME : ?strlen

  SEGMENTS IN THE MODULE
  ======================
<CODE> 1 (was CODE)
  Relative segment, address: D6C4 - D6D5 (0x12 bytes), align: 1
  Segment part 2.
           ENTRY                   ADDRESS         REF BY
           =====                   =======         ======
           strlen                  D6C4            _PrintfLarge (?xprintflarge)

    -------------------------------------------------------------------------
  LIBRARY MODULE, NAME : ?xdunscal

  SEGMENTS IN THE MODULE
  ======================
<CODE> 1 (was CODE)
  Relative segment, address: D322 - D369 (0x48 bytes), align: 1
  Segment part 2.
           ENTRY                   ADDRESS         REF BY
           =====                   =======         ======
           __iar_Dunscale          D322            _LdtobLarge (?xprintflarge)
               calls direct

    -------------------------------------------------------------------------
  LIBRARY MODULE, NAME : ?xprintflarge

  SEGMENTS IN THE MODULE
  ======================
<CODE> 1 (was CODE)
  Relative segment, address: C7E0 - CC6F (0x490 bytes), align: 1
  Segment part 18.
           ENTRY                   ADDRESS         REF BY
           =====                   =======         ======
           _PrintfLarge            C7E0            sprintf (?sprintf)
               calls direct
    -------------------------------------------------------------------------
<CODE> 1 (was CODE)
  Relative segment, address: D738 - D743 (0xc bytes), align: 1
  Segment part 20.            Intra module refs:   _PrintfLarge
    -------------------------------------------------------------------------
<CODE> 1 (was CODE)
  Relative segment, address: D744 - D74F (0xc bytes), align: 1
  Segment part 22.            Intra module refs:   _PrintfLarge
    -------------------------------------------------------------------------
<CODE> 1 (was CODE)
  Relative segment, address: D67A - D68D (0x14 bytes), align: 1
  Segment part 25.            Intra module refs:   _PrintfLarge
    -------------------------------------------------------------------------
<CODE> 1 (was CODE)
  Relative segment, address: C054 - C0D3 (0x80 bytes), align: 1
  Segment part 8.             Intra module refs:   _PrintfLarge
           LOCAL                   ADDRESS         
           =====                   =======         
           LoadInt                 C054 
    -------------------------------------------------------------------------
<CODE> 1 (was CODE)
  Relative segment, address: C0D4 - C0E1 (0xe bytes), align: 1
  Segment part 9.             Intra module refs:   LoadInt
    -------------------------------------------------------------------------
<CODE> 1 (was CODE)
  Relative segment, address: C0E2 - C341 (0x260 bytes), align: 1
  Segment part 10.            Intra module refs:   _LdtobLarge
           LOCAL                   ADDRESS         
           =====                   =======         
           _GenldLarge             C0E2 
               calls direct
    -------------------------------------------------------------------------
<CODE> 1 (was CODE)
  Relative segment, address: C342 - C351 (0x10 bytes), align: 1
  Segment part 11.            Intra module refs:   _GenldLarge
    -------------------------------------------------------------------------
<CODE> 1 (was CODE)
  Relative segment, address: C352 - C36F (0x1e bytes), align: 1
  Segment part 12.            Intra module refs:   _GenldLarge
    -------------------------------------------------------------------------
<CODE> 1 (was CODE)
  Relative segment, address: C370 - C3C1 (0x52 bytes), align: 1
  Segment part 13.            Intra module refs:   _LdtobLarge
           LOCAL                   ADDRESS         
           =====                   =======         
           scale                   C370 
               calls direct
    -------------------------------------------------------------------------
<CODE> 1 (was CODE)
  Relative segment, address: C3C2 - C613 (0x252 bytes), align: 1
  Segment part 14.            Intra module refs:   _PrintfLarge
           LOCAL                   ADDRESS         
           =====                   =======         
           _LdtobLarge             C3C2 
               calls direct
    -------------------------------------------------------------------------
<CODE> 1 (was CODE)
  Relative segment, address: C614 - C7C3 (0x1b0 bytes), align: 1
  Segment part 15.            Intra module refs:   _PrintfLarge
           LOCAL                   ADDRESS         
           =====                   =======         
           _LitobLarge             C614 
               calls direct
    -------------------------------------------------------------------------
<CODE> 1 (was CODE)
  Relative segment, address: C7C4 - C7D5 (0x12 bytes), align: 1
  Segment part 16.            Intra module refs:   _LitobLarge
    -------------------------------------------------------------------------
<CODE> 1 (was CODE)
  Relative segment, address: C7D6 - C7DF (0xa bytes), align: 1
  Segment part 17.            Intra module refs:   LoadInt
                                                   _LitobLarge
                                                   _PrintfLarge
    -------------------------------------------------------------------------
<CODE> 1 (was CODE)
  Relative segment, address: D456 - D48B (0x36 bytes), align: 1
  Segment part 26.            Intra module refs:   Segment part 22
           LOCAL                   ADDRESS         
           =====                   =======         
           pad                     D456 
               calls direct
    -------------------------------------------------------------------------
<CODE> 1 (was CODE)
  Relative segment, address: D544 - D567 (0x24 bytes), align: 1
  Segment part 27.            Intra module refs:   _PrintfLarge
                                                   _PutcharsLarge
           LOCAL                   ADDRESS         
           =====                   =======         
           _PutcharLarge           D544 
               calls indirect
    -------------------------------------------------------------------------
<CODE> 1 (was CODE)
  Relative segment, address: D4EE - D519 (0x2c bytes), align: 1
  Segment part 28.            Intra module refs:   Segment part 20
                                                   pad
           LOCAL                   ADDRESS         
           =====                   =======         
           _PutcharsLarge          D4EE 
               calls direct
    -------------------------------------------------------------------------
<CODE> 1 (was CODE)
  Relative segment, address: D71E - D72B (0xe bytes), align: 1
  Segment part 19.            Intra module refs:   _PrintfLarge
    -------------------------------------------------------------------------
<CODE> 1 (was CODE)
  Relative segment, address: D6E6 - D6F3 (0xe bytes), align: 1
  Segment part 21.            Intra module refs:   _PrintfLarge
    -------------------------------------------------------------------------
<CODE> 1 (was CODE)
  Relative segment, address: D68E - D69F (0x12 bytes), align: 1
  Segment part 23.            Intra module refs:   _PrintfLarge
    -------------------------------------------------------------------------
<CODE> 1 (was CODE)
  Relative segment, address: D3AA - D3E7 (0x3e bytes), align: 1
  Segment part 24.            Intra module refs:   _PrintfLarge
    -------------------------------------------------------------------------
DATA16_C
  Relative segment, address: C011 - C017 (0x7 bytes), align: 0
  Segment part 2.             Intra module refs:   _PrintfLarge
    -------------------------------------------------------------------------
DATA16_C
  Relative segment, address: C018 - C01B (0x4 bytes), align: 0
  Segment part 3.             Intra module refs:   _LdtobLarge
    -------------------------------------------------------------------------
DATA16_C
  Relative segment, address: C01C - C01F (0x4 bytes), align: 0
  Segment part 4.             Intra module refs:   _LdtobLarge
    -------------------------------------------------------------------------
DATA16_C
  Relative segment, address: C020 - C023 (0x4 bytes), align: 0
  Segment part 5.             Intra module refs:   _LdtobLarge
    -------------------------------------------------------------------------
DATA16_C
  Relative segment, address: C024 - C027 (0x4 bytes), align: 0
  Segment part 6.             Intra module refs:   _LdtobLarge
    -------------------------------------------------------------------------
DATA16_C
  Relative segment, address: C028 - C029 (0x2 bytes), align: 0
  Segment part 7.             Intra module refs:   _GenldLarge

    -------------------------------------------------------------------------
  LIBRARY MODULE, NAME : ?xsprout

  SEGMENTS IN THE MODULE
  ======================
<CODE> 1 (was CODE)
  Relative segment, address: D750 - D75B (0xc bytes), align: 1
  Segment part 2.
           ENTRY                   ADDRESS         REF BY
           =====                   =======         ======
           _SProut                 D750            sprintf (?sprintf)




                ****************************************
                *                                      *
                *      SEGMENTS IN ADDRESS ORDER       *
                *                                      *
                ****************************************


SEGMENT              SPACE    START ADDRESS   END ADDRESS     SIZE  TYPE  ALIGN
=======              =====    =============   ===========     ====  ====  =====
DATA16_AN                              0001 - 0001               1   rel    0
                                       0003 - 0003               1 
                                       0020 - 0022               3 
                                       0026 - 0027               2 
                                       0041 - 0041               1 
                                       004A - 004A               1 
                                       0056 - 0057               2 
                                       0061 - 0067               7 
                                       0120 - 0121               2 
                                       0160 - 0163               4 
                                       0172 - 0173               2 
                                       0180 - 0185               6 
                                       0192 - 0195               4 
                                       01B0 - 01B5               6 
DATA16_I                               0200 - 0201               2   rel    1
DATA16_Z                               0202 - 023B              3A   rel    1
CSTACK                                 03B0 - 03FF              50   rel    1
DATA16_AN                              10FE - 10FF               2   rel    0
DATA16_C                               C000 - C029              2A   rel    0
DATA16_ID                              C02A - C02B               2   rel    1
CSTART                                 C02C - C053              28   rel    1
<CODE> 1                               C054 - D769            1716   rel    1
INTVEC                                 FFE0 - FFF3              14   com    1
RESET                                  FFFE - FFFF               2   rel    1

                ****************************************
                *                                      *
                *        END OF CROSS REFERENCE        *
                *                                      *
                ****************************************

 5 972 bytes of CODE  memory
   140 bytes of DATA  memory (+ 44 absolute )
    44 bytes of CONST memory

Errors: none
Warnings: none

